2025-03-18 15:17:09 info: Course created: 67d9b8a511d8978a058d4e46, Node.js
2025-03-18 15:17:10 error: Title and description are required
2025-03-18 15:17:10 info: Successfully retrieved all courses
2025-03-18 15:17:10 info: Course deleted, id: 67d9b8a611d8978a058d4e4e
2025-03-18 15:17:31 error: Title and description are required
2025-03-18 15:17:31 info: Successfully retrieved all courses
2025-03-18 15:17:31 info: Course deleted, id: 67d9b8bbfab9e55a6866cf0e
2025-03-18 15:17:37 error: Title and description are required
2025-03-18 15:17:38 info: Successfully retrieved all courses
2025-03-18 15:17:38 info: Course deleted, id: 67d9b8c2125b819faba3d376
2025-03-18 15:17:40 error: Title and description are required
2025-03-18 15:17:40 info: Successfully retrieved all courses
2025-03-18 15:17:40 info: Course deleted, id: 67d9b8c4a96095fc20b29e99
2025-03-18 15:17:43 info: Course created: 67d9b8c7e65db98e813907e8, Node.js
2025-03-18 15:17:43 error: Title and description are required
2025-03-18 15:17:43 info: Successfully retrieved all courses
2025-03-18 15:17:43 info: Course deleted, id: 67d9b8c7e65db98e813907f0
2025-03-18 15:17:50 info: Course created: 67d9b8ce5bca5c8717e3988a, Node.js
2025-03-18 15:17:50 error: Title and description are required
2025-03-18 15:17:50 info: Successfully retrieved all courses
2025-03-18 15:17:50 info: Course deleted, id: 67d9b8ce5bca5c8717e39892
2025-03-18 15:19:47 info: Course created: 67d9b943c8caaf293491a3bb, Node.js
2025-03-18 15:19:47 error: Title and description are required
2025-03-18 15:19:47 info: Successfully retrieved all courses
2025-03-18 15:19:47 info: Course deleted, id: 67d9b943c8caaf293491a3c3
2025-03-18 15:20:00 info: Course created: 67d9b950ad2e992115f269e0, Node.js
2025-03-18 15:20:00 error: Title and description are required
2025-03-18 15:20:00 info: Successfully retrieved all courses
2025-03-18 15:20:01 info: Course deleted, id: 67d9b951ad2e992115f269e8
2025-03-18 15:20:32 info: Course created: 67d9b9707f155b1aea098230, Node.js
2025-03-18 15:20:32 error: Title and description are required
2025-03-18 15:20:32 info: Successfully retrieved all courses
2025-03-18 15:20:32 info: Course deleted, id: 67d9b9707f155b1aea098238
2025-03-18 15:20:37 info: Course created: 67d9b974fdccf0fba1647493, Node.js
2025-03-18 15:20:37 error: Title and description are required
2025-03-18 15:20:37 info: Successfully retrieved all courses
2025-03-18 15:20:37 info: Course deleted, id: 67d9b975fdccf0fba164749b
2025-03-18 15:20:37 error: Invalid ID: 123
2025-03-18 15:21:38 info: Course created: 67d9b9b23ae5518b521c8157, Node.js
2025-03-18 15:21:38 error: Title and description are required
2025-03-18 15:21:38 info: Successfully retrieved all courses
2025-03-18 15:21:38 info: Course deleted, id: 67d9b9b23ae5518b521c815f
2025-03-18 15:21:38 error: Invalid ID: 123
2025-03-18 15:21:54 info: Course created: 67d9b9c2d20c9a91d73a6f55, Node.js
2025-03-18 15:21:54 error: Title and description are required
2025-03-18 15:21:55 info: Successfully retrieved all courses
2025-03-18 15:21:55 info: Course deleted, id: 67d9b9c3d20c9a91d73a6f5d
2025-03-18 15:21:55 error: Invalid ID: 123
2025-03-18 15:22:01 info: Course created: 67d9b9c9b996cb524b0957ed, Node.js
2025-03-18 15:22:01 error: Title and description are required
2025-03-18 15:22:01 info: Successfully retrieved all courses
2025-03-18 15:22:01 info: Course deleted, id: 67d9b9c9b996cb524b0957f5
2025-03-18 15:22:01 error: Invalid ID: 123
2025-03-18 15:22:08 info: Course created: 67d9b9d000853d94e3c9aa13, Node.js
2025-03-18 15:22:08 error: Title and description are required
2025-03-18 15:22:08 info: Successfully retrieved all courses
2025-03-18 15:22:08 info: Course deleted, id: 67d9b9d000853d94e3c9aa1b
2025-03-18 15:22:08 error: Invalid ID: 123
2025-03-18 15:22:21 info: Course created: 67d9b9ddfa36076784efe6ec, Node.js
2025-03-18 15:22:22 error: Title and description are required
2025-03-18 15:22:22 info: Successfully retrieved all courses
2025-03-18 15:22:22 info: Course deleted, id: 67d9b9defa36076784efe6f4
2025-03-18 15:22:22 error: Invalid ID: 123
2025-03-18 15:22:46 info: Course created: 67d9b9f6869358fef4163b22, Node.js
2025-03-18 15:22:46 error: Title and description are required
2025-03-18 15:22:46 info: Successfully retrieved all courses
2025-03-18 15:22:46 info: Course deleted, id: 67d9b9f6869358fef4163b2b
2025-03-18 15:22:46 error: Invalid ID: 123
2025-03-18 15:23:15 info: Course created: 67d9ba13f7fc93768531f062, Node.js
2025-03-18 15:23:15 error: Title and description are required
2025-03-18 15:23:15 info: Successfully retrieved all courses
2025-03-18 15:23:16 info: Course found, id: 67d9ba13f7fc93768531f06a
2025-03-18 15:23:16 info: Course deleted, id: 67d9ba14f7fc93768531f06e
2025-03-18 15:23:16 error: Invalid ID: 123
2025-03-18 15:23:30 info: Course created: 67d9ba214d7ca9857c10e235, Node.js
2025-03-18 15:23:30 error: Title and description are required
2025-03-18 15:23:30 info: Successfully retrieved all courses
2025-03-18 15:23:30 info: Course found, id: 67d9ba224d7ca9857c10e23d
2025-03-18 15:23:30 info: Course deleted, id: 67d9ba224d7ca9857c10e241
2025-03-18 15:23:30 error: Invalid ID: 123
2025-03-18 15:23:39 info: Course created: 67d9ba2b0b98dfc415fb4d2b, Node.js
2025-03-18 15:23:39 error: Title and description are required
2025-03-18 15:23:39 info: Successfully retrieved all courses
2025-03-18 15:23:39 info: Course found, id: 67d9ba2b0b98dfc415fb4d33
2025-03-18 15:23:39 error: Course not found, id: 67d331989d439a57e9c008e1
2025-03-18 15:23:39 info: Course deleted, id: 67d9ba2b0b98dfc415fb4d39
2025-03-18 15:23:39 error: Invalid ID: 123
2025-03-18 15:23:52 info: Course created: 67d9ba38ed2b822272d1ce7f, Node.js
2025-03-18 15:23:52 error: Title and description are required
2025-03-18 15:23:53 info: Successfully retrieved all courses
2025-03-18 15:23:53 info: Course found, id: 67d9ba39ed2b822272d1ce87
2025-03-18 15:23:53 error: Course not found, id: 67d331989d439a57e9c008e1
2025-03-18 15:23:53 error: Invalid ID: 123
2025-03-18 15:23:53 info: Course deleted, id: 67d9ba39ed2b822272d1ce8e
2025-03-18 15:23:53 error: Invalid ID: 123
2025-03-18 15:24:08 info: Course created: 67d9ba48a47064f0af614708, Node.js
2025-03-18 15:24:09 error: Title and description are required
2025-03-18 15:24:09 info: Successfully retrieved all courses
2025-03-18 15:24:09 info: Course found, id: 67d9ba49a47064f0af614710
2025-03-18 15:24:09 error: Course not found, id: 67d331989d439a57e9c008e1
2025-03-18 15:24:09 error: Invalid ID: 123
2025-03-18 15:24:09 info: Course deleted, id: 67d9ba49a47064f0af614717
2025-03-18 15:24:09 error: Course not found, id: 67d331989d439a57e9c008e1
2025-03-18 15:24:09 error: Invalid ID: 123
2025-03-18 15:24:17 info: Course created: 67d9ba51a8e3207a0755c346, Node.js
2025-03-18 15:24:17 error: Title and description are required
2025-03-18 15:24:18 info: Successfully retrieved all courses
2025-03-18 15:24:18 info: Course found, id: 67d9ba52a8e3207a0755c34e
2025-03-18 15:24:18 error: Course not found, id: 67d331989d439a57e9c008e1
2025-03-18 15:24:18 error: Invalid ID: 123
2025-03-18 15:24:18 info: Course deleted, id: 67d9ba52a8e3207a0755c355
2025-03-18 15:24:18 error: Course not found, id: 67d331989d439a57e9c008e1
2025-03-18 15:24:18 error: Invalid ID: 123
2025-03-18 15:24:30 info: Course created: 67d9ba5e9f857e48113491f8, Node.js
2025-03-18 15:24:30 error: Title and description are required
2025-03-18 15:24:30 info: Successfully retrieved all courses
2025-03-18 15:24:30 info: Course found, id: 67d9ba5e9f857e4811349200
2025-03-18 15:24:30 error: Course not found, id: 67d331989d439a57e9c008e1
2025-03-18 15:24:30 error: Invalid ID: 123
2025-03-18 15:24:31 info: Course deleted, id: 67d9ba5e9f857e4811349207
2025-03-18 15:24:31 error: Course not found, id: 67d331989d439a57e9c008e1
2025-03-18 15:24:31 error: Invalid ID: 123
2025-03-18 15:24:54 info: Course created: 67d9ba769f7c357971451427, Node.js
2025-03-18 15:24:54 error: Title and description are required
2025-03-18 15:24:54 info: Successfully retrieved all courses
2025-03-18 15:24:54 info: Course found, id: 67d9ba769f7c35797145142f
2025-03-18 15:24:54 error: Course not found, id: 67d331989d439a57e9c008e1
2025-03-18 15:24:54 error: Invalid ID: 123
2025-03-18 15:24:54 info: Course deleted, id: 67d9ba769f7c357971451436
2025-03-18 15:24:55 error: Course not found, id: 67d331989d439a57e9c008e1
2025-03-18 15:24:55 error: Invalid ID: 123
2025-03-18 15:25:02 info: Course created: 67d9ba7e7934f7167a544060, Node.js
2025-03-18 15:25:02 error: Title and description are required
2025-03-18 15:25:02 info: Successfully retrieved all courses
2025-03-18 15:25:03 info: Course found, id: 67d9ba7f7934f7167a544068
2025-03-18 15:25:03 error: Course not found, id: 67d331989d439a57e9c008e1
2025-03-18 15:25:03 error: Invalid ID: 123
2025-03-18 15:25:03 info: Course deleted, id: 67d9ba7f7934f7167a54406f
2025-03-18 15:25:03 error: Course not found, id: 67d331989d439a57e9c008e1
2025-03-18 15:25:03 error: Invalid ID: 123
2025-03-18 15:25:52 error: No courses available
2025-03-18 15:26:00 error: No courses available
2025-03-18 15:26:05 error: Course not found, id: 67d331989d439a57e9c008e1
2025-03-18 15:26:09 error: Invalid ID: 67d331989d439a57e9c008e
2025-03-18 15:26:12 info: Course created: 67d9bac4c41f9ba411bbce35, Java script
2025-03-18 15:26:16 info: Successfully retrieved all courses
2025-03-18 15:26:21 error: Course not found, id: 67d331989d439a57e9c008e1
2025-03-18 15:26:25 error: Invalid ID: 67d331989d439a57e9c008e
2025-03-18 15:26:31 error: Title and description are required
2025-03-18 15:26:34 error: Course not found, id: 67d457a6710124f8128da2b0
2025-03-18 15:26:45 error: Title and description are required
2025-03-18 15:26:45 info: Successfully retrieved all courses
2025-03-18 15:26:45 info: Course found, id: 67d9bae5a518136d30c2762a
2025-03-18 15:26:45 error: Course not found, id: 67d331989d439a57e9c008e1
2025-03-18 15:26:45 error: Invalid ID: 123
2025-03-18 15:26:45 info: Course deleted, id: 67d9bae5a518136d30c27631
2025-03-18 15:26:45 error: Course not found, id: 67d331989d439a57e9c008e1
2025-03-18 15:26:45 error: Invalid ID: 123
2025-03-18 15:26:50 error: Title and description are required
2025-03-18 15:26:50 info: Successfully retrieved all courses
2025-03-18 15:26:50 info: Course found, id: 67d9baeab0ab95059891d421
2025-03-18 15:26:50 error: Course not found, id: 67d331989d439a57e9c008e1
2025-03-18 15:26:50 error: Invalid ID: 123
2025-03-18 15:26:51 info: Course deleted, id: 67d9baeab0ab95059891d428
2025-03-18 15:26:51 error: Course not found, id: 67d331989d439a57e9c008e1
2025-03-18 15:26:51 error: Invalid ID: 123
2025-03-18 15:26:54 error: Title and description are required
2025-03-18 15:26:54 info: Successfully retrieved all courses
2025-03-18 15:26:54 info: Course found, id: 67d9baee85fed0d08e8ee1d4
2025-03-18 15:26:54 error: Course not found, id: 67d331989d439a57e9c008e1
2025-03-18 15:26:54 error: Invalid ID: 123
2025-03-18 15:26:54 info: Course deleted, id: 67d9baee85fed0d08e8ee1db
2025-03-18 15:26:54 error: Course not found, id: 67d331989d439a57e9c008e1
2025-03-18 15:26:55 error: Invalid ID: 123
2025-03-18 15:27:00 error: Title and description are required
2025-03-18 15:27:00 info: Successfully retrieved all courses
2025-03-18 15:27:00 info: Course found, id: 67d9baf48a7c6d877867adbf
2025-03-18 15:27:00 error: Course not found, id: 67d331989d439a57e9c008e1
2025-03-18 15:27:01 error: Invalid ID: 123
2025-03-18 15:27:01 info: Course deleted, id: 67d9baf58a7c6d877867adc6
2025-03-18 15:27:01 error: Course not found, id: 67d331989d439a57e9c008e1
2025-03-18 15:27:01 error: Invalid ID: 123
2025-03-18 15:27:03 error: Title and description are required
2025-03-18 15:27:04 info: Successfully retrieved all courses
2025-03-18 15:27:04 info: Course found, id: 67d9baf8bfb1c87d7cd57f2c
2025-03-18 15:27:04 error: Course not found, id: 67d331989d439a57e9c008e1
2025-03-18 15:27:04 error: Invalid ID: 123
2025-03-18 15:27:04 info: Course deleted, id: 67d9baf8bfb1c87d7cd57f33
2025-03-18 15:27:04 error: Course not found, id: 67d331989d439a57e9c008e1
2025-03-18 15:27:04 error: Invalid ID: 123
2025-03-18 15:27:23 error: Title and description are required
2025-03-18 15:27:23 info: Successfully retrieved all courses
2025-03-18 15:27:23 info: Course found, id: 67d9bb0bd0a0c0cc26dcbf49
2025-03-18 15:27:23 error: Course not found, id: 67d331989d439a57e9c008e1
2025-03-18 15:27:23 error: Invalid ID: 123
2025-03-18 15:27:24 info: Course deleted, id: 67d9bb0bd0a0c0cc26dcbf50
2025-03-18 15:27:24 error: Course not found, id: 67d331989d439a57e9c008e1
2025-03-18 15:27:24 error: Invalid ID: 123
2025-03-18 15:28:14 error: Title and description are required
2025-03-18 15:28:14 info: Successfully retrieved all courses
2025-03-18 15:28:15 info: Course found, id: 67d9bb3e0426cabd40915336
2025-03-18 15:28:15 error: Course not found, id: 67d331989d439a57e9c008e1
2025-03-18 15:28:15 error: Invalid ID: 123
2025-03-18 15:28:15 info: Course deleted, id: 67d9bb3f0426cabd4091533d
2025-03-18 15:28:15 error: Course not found, id: 67d331989d439a57e9c008e1
2025-03-18 15:28:15 error: Invalid ID: 123
2025-03-18 15:28:36 info: Course created: 67d9bb5477dd10cfcb6c3d96, Node.js
2025-03-18 15:28:36 error: Title and description are required
2025-03-18 15:28:36 info: Successfully retrieved all courses
2025-03-18 15:28:36 info: Course found, id: 67d9bb5477dd10cfcb6c3d9e
2025-03-18 15:28:36 error: Course not found, id: 67d331989d439a57e9c008e1
2025-03-18 15:28:36 error: Invalid ID: 123
2025-03-18 15:28:36 info: Course deleted, id: 67d9bb5477dd10cfcb6c3da5
2025-03-18 15:28:37 error: Course not found, id: 67d331989d439a57e9c008e1
2025-03-18 15:28:37 error: Invalid ID: 123
2025-03-18 15:29:57 info: Course created: 67d9bba5213e7dfe5bd8f0a4, Node.js
2025-03-18 15:29:57 error: Title and description are required
2025-03-18 15:29:58 info: Successfully retrieved all courses
2025-03-18 15:29:58 info: Course found, id: 67d9bba6213e7dfe5bd8f0a9
2025-03-18 15:29:58 error: Course not found, id: 67d331989d439a57e9c008e1
2025-03-18 15:29:58 error: Invalid ID: 123
2025-03-18 15:29:58 info: Course deleted, id: 67d9bba6213e7dfe5bd8f0ad
2025-03-18 15:29:58 error: Course not found, id: 67d331989d439a57e9c008e1
2025-03-18 15:29:58 error: Invalid ID: 123
2025-03-18 15:30:04 info: Course created: 67d9bbace6e14d298f200e13, Node.js
2025-03-18 15:30:04 error: Title and description are required
2025-03-18 15:30:05 info: Successfully retrieved all courses
2025-03-18 15:30:05 info: Course found, id: 67d9bbade6e14d298f200e18
2025-03-18 15:30:05 error: Course not found, id: 67d331989d439a57e9c008e1
2025-03-18 15:30:05 error: Invalid ID: 123
2025-03-18 15:30:05 info: Course deleted, id: 67d9bbade6e14d298f200e1c
2025-03-18 15:30:05 error: Course not found, id: 67d331989d439a57e9c008e1
2025-03-18 15:30:05 error: Invalid ID: 123
2025-03-18 15:30:31 info: Course created: 67d9bbc73fb1165bda4287f3, Node.js
2025-03-18 15:30:31 error: Title and description are required
2025-03-18 15:30:32 info: Successfully retrieved all courses
2025-03-18 15:30:32 info: Course found, id: 67d9bbc83fb1165bda4287f8
2025-03-18 15:30:32 error: Course not found, id: 67d331989d439a57e9c008e1
2025-03-18 15:30:32 error: Invalid ID: 123
2025-03-18 15:30:32 info: Course deleted, id: 67d9bbc83fb1165bda4287fc
2025-03-18 15:30:32 error: Course not found, id: 67d331989d439a57e9c008e1
2025-03-18 15:30:32 error: Invalid ID: 123
2025-03-18 15:31:43 info: Course created: 67d9bc0e5bc9e438ca5398fd, Node.js
2025-03-18 15:31:43 error: Title and description are required
2025-03-18 15:31:43 info: Successfully retrieved all courses
2025-03-18 15:31:43 info: Course found, id: 67d9bc0f5bc9e438ca539902
2025-03-18 15:31:43 error: Course not found, id: 67d331989d439a57e9c008e1
2025-03-18 15:31:43 error: Invalid ID: 123
2025-03-18 15:31:43 info: Course deleted, id: 67d9bc0f5bc9e438ca539906
2025-03-18 15:31:43 error: Course not found, id: 67d331989d439a57e9c008e1
2025-03-18 15:31:43 error: Invalid ID: 123
2025-03-18 15:31:48 info: Course created: 67d9bc1308343b7ee5cecc6e, Node.js
2025-03-18 15:31:48 error: Title and description are required
2025-03-18 15:31:48 info: Successfully retrieved all courses
2025-03-18 15:31:48 info: Course found, id: 67d9bc1408343b7ee5cecc73
2025-03-18 15:31:48 error: Course not found, id: 67d331989d439a57e9c008e1
2025-03-18 15:31:48 error: Invalid ID: 123
2025-03-18 15:31:48 info: Course deleted, id: 67d9bc1408343b7ee5cecc77
2025-03-18 15:31:48 error: Course not found, id: 67d331989d439a57e9c008e1
2025-03-18 15:31:48 error: Invalid ID: 123
2025-03-18 15:31:54 info: Course created: 67d9bc191b9e745a79aaa3e6, Node.js
2025-03-18 15:31:54 error: Title and description are required
2025-03-18 15:31:54 info: Successfully retrieved all courses
2025-03-18 15:31:54 info: Course found, id: 67d9bc1a1b9e745a79aaa3eb
2025-03-18 15:31:54 error: Course not found, id: 67d331989d439a57e9c008e1
2025-03-18 15:31:54 error: Invalid ID: 123
2025-03-18 15:31:54 info: Course deleted, id: 67d9bc1a1b9e745a79aaa3ef
2025-03-18 15:31:54 error: Course not found, id: 67d331989d439a57e9c008e1
2025-03-18 15:31:54 error: Invalid ID: 123
2025-03-18 15:33:37 error: Title and description are required
2025-03-18 15:33:38 info: Successfully retrieved all courses
2025-03-18 15:33:38 info: Course found, id: 67d9bc82ba4411ebac33f922
2025-03-18 15:33:38 error: Course not found, id: 67d331989d439a57e9c008e1
2025-03-18 15:33:38 error: Invalid ID: 123
2025-03-18 15:33:38 info: Course deleted, id: 67d9bc82ba4411ebac33f926
2025-03-18 15:33:38 error: Course not found, id: 67d331989d439a57e9c008e1
2025-03-18 15:33:38 error: Invalid ID: 123
2025-03-18 15:34:11 info: Course created: 67d9bca379549a8b9a71c983, Node.js
2025-03-18 15:34:12 error: Title and description are required
2025-03-18 15:34:12 info: Successfully retrieved all courses
2025-03-18 15:34:12 info: Course found, id: 67d9bca479549a8b9a71c988
2025-03-18 15:34:12 error: Course not found, id: 67d331989d439a57e9c008e1
2025-03-18 15:34:12 error: Invalid ID: 123
2025-03-18 15:34:12 info: Course deleted, id: 67d9bca479549a8b9a71c98c
2025-03-18 15:34:12 error: Course not found, id: 67d331989d439a57e9c008e1
2025-03-18 15:34:12 error: Invalid ID: 123
2025-03-18 15:35:27 info: Successfully retrieved all courses
2025-03-18 15:46:08 info: Course created: 67d9bf6fcb098f1f7a747e30, Node.js
2025-03-18 15:46:08 error: Title and description are required
2025-03-18 15:46:08 info: Successfully retrieved all courses
2025-03-18 15:46:08 info: Course found, id: 67d9bf70cb098f1f7a747e35
2025-03-18 15:46:08 error: Course not found, id: 67d331989d439a57e9c008e1
2025-03-18 15:46:08 error: Invalid ID: 123
2025-03-18 15:46:08 info: Course deleted, id: 67d9bf70cb098f1f7a747e39
2025-03-18 15:46:08 error: Course not found, id: 67d331989d439a57e9c008e1
2025-03-18 15:46:08 error: Invalid ID: 123
2025-03-18 15:46:38 info: Course created: 67d9bf8ec58265abc562067f, Node.js
2025-03-18 15:46:38 error: Title and description are required
2025-03-18 15:46:38 info: Successfully retrieved all courses
2025-03-18 15:46:38 info: Course found, id: 67d9bf8ec58265abc5620684
2025-03-18 15:46:38 error: Course not found, id: 67d331989d439a57e9c008e1
2025-03-18 15:46:38 error: Invalid ID: 123
2025-03-18 15:46:38 info: Course deleted, id: 67d9bf8ec58265abc5620688
2025-03-18 15:46:38 error: Course not found, id: 67d331989d439a57e9c008e1
2025-03-18 15:46:38 error: Invalid ID: 123
2025-03-18 16:08:59 info: Course created: 67d9c4ca0fb2d1962399689c, Node.js
2025-03-18 16:08:59 error: Title and description are required
2025-03-18 16:08:59 info: Successfully retrieved all courses
2025-03-18 16:08:59 info: Course found, id: 67d9c4cb0fb2d196239968a1
2025-03-18 16:08:59 error: Course not found, id: 67d331989d439a57e9c008e1
2025-03-18 16:08:59 error: Invalid ID: 123
2025-03-18 16:08:59 info: Course deleted, id: 67d9c4cb0fb2d196239968a5
2025-03-18 16:08:59 error: Course not found, id: 67d331989d439a57e9c008e1
2025-03-18 16:08:59 error: Invalid ID: 123
2025-03-18 16:09:28 info: Course created: 67d9c4e7e8f6ff1a5d680526, Node.js
2025-03-18 16:09:28 error: Title and description are required
2025-03-18 16:09:28 info: Successfully retrieved all courses
2025-03-18 16:09:28 info: Course found, id: 67d9c4e8e8f6ff1a5d68052b
2025-03-18 16:09:28 error: Course not found, id: 67d331989d439a57e9c008e1
2025-03-18 16:09:28 error: Invalid ID: 123
2025-03-18 16:09:28 info: Course deleted, id: 67d9c4e8e8f6ff1a5d68052f
2025-03-18 16:09:28 error: Course not found, id: 67d331989d439a57e9c008e1
2025-03-18 16:09:28 error: Invalid ID: 123
2025-03-18 16:39:44 info: Course created: 67d9cc00a5d48b2fb33af6b6, Node.js
2025-03-18 16:39:44 error: Title and description are required
2025-03-18 16:39:44 info: Successfully retrieved all courses
2025-03-18 16:39:44 info: Course found, id: 67d9cc00a5d48b2fb33af6bb
2025-03-18 16:39:44 error: Course not found, id: 67d331989d439a57e9c008e1
2025-03-18 16:39:44 error: Invalid ID: 123
2025-03-18 16:39:44 info: Course deleted, id: 67d9cc00a5d48b2fb33af6bf
2025-03-18 16:39:44 error: Course not found, id: 67d331989d439a57e9c008e1
2025-03-18 16:39:44 error: Invalid ID: 123
2025-03-18 16:41:12 info: Course created: 67d9cc58bc757aaa683b0a3d, Node.js
2025-03-18 16:41:12 error: Title and description are required
2025-03-18 16:41:12 info: Successfully retrieved all courses
2025-03-18 16:41:12 info: Course found, id: 67d9cc58bc757aaa683b0a42
2025-03-18 16:41:12 error: Course not found, id: 67d331989d439a57e9c008e1
2025-03-18 16:41:12 error: Invalid ID: 123
2025-03-18 16:41:12 info: Course deleted, id: 67d9cc58bc757aaa683b0a46
2025-03-18 16:41:12 error: Course not found, id: 67d331989d439a57e9c008e1
2025-03-18 16:41:12 error: Invalid ID: 123
2025-03-18 16:41:27 info: Successfully retrieved all courses
2025-03-18 16:42:16 info: Course created: 67d9cc98789c0ffaa4850f06, Java script miraloooo
2025-03-18 16:42:52 info: Course created: 67d9ccbcf23b1d034563fd18, Node.js
2025-03-18 16:42:52 error: Title and description are required
2025-03-18 16:42:52 info: Successfully retrieved all courses
2025-03-18 16:42:52 info: Course found, id: 67d9ccbcf23b1d034563fd1d
2025-03-18 16:42:52 error: Course not found, id: 67d331989d439a57e9c008e1
2025-03-18 16:42:52 error: Invalid ID: 123
2025-03-18 16:42:52 info: Course deleted, id: 67d9ccbcf23b1d034563fd21
2025-03-18 16:42:52 error: Course not found, id: 67d331989d439a57e9c008e1
2025-03-18 16:42:52 error: Invalid ID: 123
2025-03-18 16:43:03 info: Course created: 67d9ccc7b5e55e94c26c797b, Node.js
2025-03-18 16:43:03 error: Title and description are required
2025-03-18 16:43:03 info: Successfully retrieved all courses
2025-03-18 16:43:03 info: Course found, id: 67d9ccc7b5e55e94c26c7980
2025-03-18 16:43:03 error: Course not found, id: 67d331989d439a57e9c008e1
2025-03-18 16:43:03 error: Invalid ID: 123
2025-03-18 16:43:03 info: Course deleted, id: 67d9ccc7b5e55e94c26c7984
2025-03-18 16:43:03 error: Course not found, id: 67d331989d439a57e9c008e1
2025-03-18 16:43:03 error: Invalid ID: 123
2025-03-18 16:43:30 info: Course created: 67d9cce2d2fc356522f844da, Node.js
2025-03-18 16:43:30 error: Title and description are required
2025-03-18 16:43:30 info: Successfully retrieved all courses
2025-03-18 16:43:30 info: Course found, id: 67d9cce2d2fc356522f844df
2025-03-18 16:43:30 error: Course not found, id: 67d331989d439a57e9c008e1
2025-03-18 16:43:30 error: Invalid ID: 123
2025-03-18 16:43:30 info: Course deleted, id: 67d9cce2d2fc356522f844e3
2025-03-18 16:43:30 error: Course not found, id: 67d331989d439a57e9c008e1
2025-03-18 16:43:30 error: Invalid ID: 123
2025-03-18 16:43:31 info: Course created: 67d9cce3fffa825e9054abd1, Node.js
2025-03-18 16:43:32 error: Title and description are required
2025-03-18 16:43:32 info: Successfully retrieved all courses
2025-03-18 16:43:32 info: Course found, id: 67d9cce4fffa825e9054abd6
2025-03-18 16:43:32 error: Course not found, id: 67d331989d439a57e9c008e1
2025-03-18 16:43:32 error: Invalid ID: 123
2025-03-18 16:43:32 info: Course deleted, id: 67d9cce4fffa825e9054abda
2025-03-18 16:43:32 error: Course not found, id: 67d331989d439a57e9c008e1
2025-03-18 16:43:32 error: Invalid ID: 123
2025-03-18 16:54:04 info: Course created: 67d9cf5cd473b0f897a5735d, Node.js
2025-03-18 16:54:04 error: Title and description are required
2025-03-18 16:54:04 info: Successfully retrieved all courses
2025-03-18 16:54:04 info: Course found, id: 67d9cf5cd473b0f897a57362
2025-03-18 16:54:04 error: Course not found, id: 67d331989d439a57e9c008e1
2025-03-18 16:54:04 error: Invalid ID: 123
2025-03-18 16:54:04 info: Course deleted, id: 67d9cf5cd473b0f897a57366
2025-03-18 16:54:04 error: Course not found, id: 67d331989d439a57e9c008e1
2025-03-18 16:54:04 error: Invalid ID: 123
2025-03-18 16:55:59 info: Course created: 67d9cfcfc45442557d9f03d0, Node.js
2025-03-18 16:55:59 error: Title and description are required
2025-03-18 16:55:59 info: Successfully retrieved all courses
2025-03-18 16:55:59 info: Course found, id: 67d9cfcfc45442557d9f03d5
2025-03-18 16:55:59 error: Course not found, id: 67d331989d439a57e9c008e1
2025-03-18 16:55:59 error: Invalid ID: 123
2025-03-18 16:55:59 info: Course deleted, id: 67d9cfcfc45442557d9f03d9
2025-03-18 16:55:59 error: Course not found, id: 67d331989d439a57e9c008e1
2025-03-18 16:55:59 error: Invalid ID: 123
2025-03-18 16:56:23 info: Course created: 67d9cfe7ea014b775d033b62, Node.js
2025-03-18 16:56:23 error: Title and description are required
2025-03-18 16:56:24 info: Successfully retrieved all courses
2025-03-18 16:56:24 info: Course found, id: 67d9cfe8ea014b775d033b67
2025-03-18 16:56:24 error: Course not found, id: 67d331989d439a57e9c008e1
2025-03-18 16:56:24 error: Invalid ID: 123
2025-03-18 16:56:24 info: Course deleted, id: 67d9cfe8ea014b775d033b6b
2025-03-18 16:56:24 error: Course not found, id: 67d331989d439a57e9c008e1
2025-03-18 16:56:24 error: Invalid ID: 123
2025-03-18 17:00:15 info: Successfully retrieved all courses
2025-03-18 17:00:37 error: Course not found, id: 67d331989d439a57e9c008e1
2025-03-18 17:00:49 error: Invalid ID: 667d9cf5cd473b0f897a5735d
2025-03-18 17:00:55 info: Course found, id: 67d9cf5cd473b0f897a5735d
2025-03-18 17:00:59 error: Invalid ID: 67d331989d439a57e9c008e
2025-03-18 17:01:15 info: Course created: 67d9d10bd292225425cfe91c, Java objects
2025-03-18 17:01:25 info: Course found, id: 67d9d10bd292225425cfe91c
2025-03-18 17:02:39 info: Course created: 67d9d15fd292225425cfe91f, Java objects
2025-03-18 17:02:45 info: Successfully retrieved all courses
2025-03-18 17:02:48 error: Course not found, id: 67d9d10bd292225425cfe91c
2025-03-18 17:02:51 info: Course found, id: 67d9d15fd292225425cfe91f
2025-03-18 17:02:55 error: Title and description are required
2025-03-18 17:03:02 info: Course deleted, id: 67d9d15fd292225425cfe91f
2025-03-18 17:03:16 info: Course created: 67d9d184d292225425cfe925, Java objects
2025-03-18 17:04:58 info: Course created: 67d9d1ead292225425cfe927, Java objects
2025-03-18 17:05:59 info: Course created: 67d9d227d292225425cfe929, Java objects
2025-03-18 17:06:28 info: Course deleted, id: 67d9d227d292225425cfe929
2025-03-18 17:06:59 error: Course not found, id: 67d9d227d292225425cfe929
2025-03-18 17:07:24 error: No courses available
2025-03-18 17:07:53 info: Course created: 67d9d29968c5a0f13d0a3e50, Node.js
2025-03-18 17:07:53 error: Title and description are required
2025-03-18 17:07:53 info: Successfully retrieved all courses
2025-03-18 17:07:53 info: Course found, id: 67d9d29968c5a0f13d0a3e55
2025-03-18 17:07:53 error: Course not found, id: 67d331989d439a57e9c008e1
2025-03-18 17:07:53 error: Invalid ID: 123
2025-03-18 17:07:53 info: Course deleted, id: 67d9d29968c5a0f13d0a3e59
2025-03-18 17:07:53 error: Course not found, id: 67d331989d439a57e9c008e1
2025-03-18 17:07:53 error: Invalid ID: 123
2025-03-18 17:26:09 info: Course created: 67d9d6e17a2fa59db2014e8a, Node.js
2025-03-18 17:26:09 error: Title and description are required
2025-03-18 17:26:09 info: Successfully retrieved all courses
2025-03-18 17:26:09 info: Course found, id: 67d9d6e17a2fa59db2014e8f
2025-03-18 17:26:09 error: Course not found, id: 67d331989d439a57e9c008e1
2025-03-18 17:26:09 error: Invalid ID: 123
2025-03-18 17:26:09 info: Course deleted, id: 67d9d6e17a2fa59db2014e93
2025-03-18 17:26:09 error: Course not found, id: 67d331989d439a57e9c008e1
2025-03-18 17:26:09 error: Invalid ID: 123
2025-03-18 17:56:56 info: Course created: 67d9de18221dc3a1adebaf72, Node.js
2025-03-18 17:56:56 error: Title and description are required
2025-03-18 17:56:56 info: Successfully retrieved all courses
2025-03-18 17:56:56 info: Course found, id: 67d9de18221dc3a1adebaf77
2025-03-18 17:56:56 error: Course not found, id: 67d331989d439a57e9c008e1
2025-03-18 17:56:56 error: Invalid ID: 123
2025-03-18 17:56:56 info: Course deleted, id: 67d9de18221dc3a1adebaf7b
2025-03-18 17:56:56 error: Course not found, id: 67d331989d439a57e9c008e1
2025-03-18 17:56:56 error: Invalid ID: 123
2025-03-18 19:28:15 info: Course created: 67d9f37f91c83cd4bd296c6d, Node.js
2025-03-18 19:28:15 error: Title and description are required
2025-03-18 19:28:15 info: Successfully retrieved all courses
2025-03-18 19:28:15 info: Course found, id: 67d9f37f91c83cd4bd296c72
2025-03-18 19:28:15 error: Course not found, id: 67d331989d439a57e9c008e1
2025-03-18 19:28:15 error: Invalid ID: 123
2025-03-18 19:28:15 info: Course deleted, id: 67d9f37f91c83cd4bd296c76
2025-03-18 19:28:15 error: Course not found, id: 67d331989d439a57e9c008e1
2025-03-18 19:28:15 error: Invalid ID: 123
2025-03-19 09:59:54 info: Course created: 67dabfcaf6f5f1874b7848a6, Node.js
2025-03-19 09:59:54 error: Title and description are required
2025-03-19 09:59:54 info: Successfully retrieved all courses
2025-03-19 09:59:54 info: Course found, id: 67dabfcaf6f5f1874b7848ab
2025-03-19 09:59:54 error: Course not found, id: 67d331989d439a57e9c008e1
2025-03-19 09:59:54 error: Invalid ID: 123
2025-03-19 09:59:54 info: Course deleted, id: 67dabfcaf6f5f1874b7848af
2025-03-19 09:59:54 error: Course not found, id: 67d331989d439a57e9c008e1
2025-03-19 09:59:54 error: Invalid ID: 123
2025-03-19 10:00:01 info: Course created: 67dabfd134242495ada041d2, Node.js
2025-03-19 10:00:01 error: Title and description are required
2025-03-19 10:00:01 info: Successfully retrieved all courses
2025-03-19 10:00:01 info: Course found, id: 67dabfd134242495ada041d7
2025-03-19 10:00:01 error: Course not found, id: 67d331989d439a57e9c008e1
2025-03-19 10:00:01 error: Invalid ID: 123
2025-03-19 10:00:01 info: Course deleted, id: 67dabfd134242495ada041db
2025-03-19 10:00:01 error: Course not found, id: 67d331989d439a57e9c008e1
2025-03-19 10:00:01 error: Invalid ID: 123
2025-03-19 10:00:07 info: Course created: 67dabfd7ae7cf5cecadea3c3, Node.js
2025-03-19 10:00:07 error: Title and description are required
2025-03-19 10:00:07 info: Successfully retrieved all courses
2025-03-19 10:00:07 info: Course found, id: 67dabfd7ae7cf5cecadea3c8
2025-03-19 10:00:07 error: Course not found, id: 67d331989d439a57e9c008e1
2025-03-19 10:00:07 error: Invalid ID: 123
2025-03-19 10:00:07 info: Course deleted, id: 67dabfd7ae7cf5cecadea3cc
2025-03-19 10:00:07 error: Course not found, id: 67d331989d439a57e9c008e1
2025-03-19 10:00:07 error: Invalid ID: 123
2025-03-19 10:09:15 info: Course created: 67dac1fb952b9d715fca1072, Node.js
2025-03-19 10:09:15 error: Title and description are required
2025-03-19 10:09:15 info: Successfully retrieved all courses
2025-03-19 10:09:15 info: Course found, id: 67dac1fb952b9d715fca1077
2025-03-19 10:09:15 error: Course not found, id: 67d331989d439a57e9c008e1
2025-03-19 10:09:15 error: Invalid ID: 123
2025-03-19 10:09:15 info: Course deleted, id: 67dac1fb952b9d715fca107b
2025-03-19 10:09:15 error: Course not found, id: 67d331989d439a57e9c008e1
2025-03-19 10:09:15 error: Invalid ID: 123
2025-03-19 10:09:25 info: Course created: 67dac2051eb99fb5ac83f028, Node.js
2025-03-19 10:09:25 error: Title and description are required
2025-03-19 10:09:25 info: Successfully retrieved all courses
2025-03-19 10:09:25 info: Course found, id: 67dac2051eb99fb5ac83f02d
2025-03-19 10:09:25 error: Course not found, id: 67d331989d439a57e9c008e1
2025-03-19 10:09:25 error: Invalid ID: 123
2025-03-19 10:09:25 info: Course deleted, id: 67dac2051eb99fb5ac83f031
2025-03-19 10:09:25 error: Course not found, id: 67d331989d439a57e9c008e1
2025-03-19 10:09:25 error: Invalid ID: 123
2025-03-19 10:09:42 info: Course created: 67dac21614a929c1b2693792, Node.js
2025-03-19 10:09:42 error: Title and description are required
2025-03-19 10:09:42 info: Successfully retrieved all courses
2025-03-19 10:09:42 info: Course found, id: 67dac21614a929c1b2693797
2025-03-19 10:09:42 error: Course not found, id: 67d331989d439a57e9c008e1
2025-03-19 10:09:42 error: Invalid ID: 123
2025-03-19 10:09:42 info: Course deleted, id: 67dac21614a929c1b269379b
2025-03-19 10:09:42 error: Course not found, id: 67d331989d439a57e9c008e1
2025-03-19 10:09:42 error: Invalid ID: 123
2025-03-19 10:13:33 info: Course created: 67dac2fd7d45fc7b45baf2a0, Node.js
2025-03-19 10:13:33 error: Title and description are required
2025-03-19 10:13:33 info: Successfully retrieved all courses
2025-03-19 10:13:33 info: Course found, id: 67dac2fd7d45fc7b45baf2a5
2025-03-19 10:13:33 error: Course not found, id: 67d331989d439a57e9c008e1
2025-03-19 10:13:33 error: Invalid ID: 123
2025-03-19 10:13:33 info: Course deleted, id: 67dac2fd7d45fc7b45baf2a9
2025-03-19 10:13:33 error: Course not found, id: 67d331989d439a57e9c008e1
2025-03-19 10:13:33 error: Invalid ID: 123
2025-03-19 10:14:07 info: Course created: 67dac31fb23a28dcfd48f5af, Node.js
2025-03-19 10:14:07 error: Title and description are required
2025-03-19 10:14:07 info: Successfully retrieved all courses
2025-03-19 10:14:07 info: Course found, id: 67dac31fb23a28dcfd48f5b4
2025-03-19 10:14:07 error: Course not found, id: 67d331989d439a57e9c008e1
2025-03-19 10:14:07 error: Invalid ID: 123
2025-03-19 10:14:07 info: Course deleted, id: 67dac31fb23a28dcfd48f5b8
2025-03-19 10:14:07 error: Course not found, id: 67d331989d439a57e9c008e1
2025-03-19 10:14:07 error: Invalid ID: 123
2025-03-19 10:45:52 info: Course created: 67daca90d6736bbbd2534dd5, Node.js
2025-03-19 10:45:52 error: Title and description are required
2025-03-19 10:45:52 info: Successfully retrieved all courses
2025-03-19 10:45:52 info: Course found, id: 67daca90d6736bbbd2534dda
2025-03-19 10:45:52 error: Course not found, id: 67d331989d439a57e9c008e1
2025-03-19 10:45:52 error: Invalid ID: 123
2025-03-19 10:45:52 info: Course deleted, id: 67daca90d6736bbbd2534dde
2025-03-19 10:45:52 error: Course not found, id: 67d331989d439a57e9c008e1
2025-03-19 10:45:52 error: Invalid ID: 123
2025-03-19 10:46:11 info: Course created: 67dacaa317dafc003856d2a4, Node.js
2025-03-19 10:46:11 error: Title and description are required
2025-03-19 10:46:11 info: Successfully retrieved all courses
2025-03-19 10:46:11 info: Course found, id: 67dacaa317dafc003856d2a9
2025-03-19 10:46:11 error: Course not found, id: 67d331989d439a57e9c008e1
2025-03-19 10:46:11 error: Invalid ID: 123
2025-03-19 10:46:11 info: Course deleted, id: 67dacaa317dafc003856d2ad
2025-03-19 10:46:11 error: Course not found, id: 67d331989d439a57e9c008e1
2025-03-19 10:46:11 error: Invalid ID: 123
2025-03-19 10:59:03 info: Course created: 67dacda7e6f3fdd29d1d3860, Node.js
2025-03-19 10:59:03 error: Title and description are required
2025-03-19 10:59:03 info: Successfully retrieved all courses
2025-03-19 10:59:03 info: Course found, id: 67dacda7e6f3fdd29d1d3865
2025-03-19 10:59:03 error: Course not found, id: 67d331989d439a57e9c008e1
2025-03-19 10:59:03 error: Invalid ID: 123
2025-03-19 10:59:03 info: Course deleted, id: 67dacda7e6f3fdd29d1d3869
2025-03-19 10:59:03 error: Course not found, id: 67d331989d439a57e9c008e1
2025-03-19 10:59:03 error: Invalid ID: 123
2025-03-19 11:09:57 info: Course created: 67dad03505f4976170a5c75b, Node.js
2025-03-19 11:09:57 error: Title and description are required
2025-03-19 11:09:57 info: Successfully retrieved all courses
2025-03-19 11:09:57 info: Course found, id: 67dad03505f4976170a5c760
2025-03-19 11:09:57 error: Course not found, id: 67d331989d439a57e9c008e1
2025-03-19 11:09:57 error: Invalid ID: 123
2025-03-19 11:09:57 info: Course deleted, id: 67dad03505f4976170a5c764
2025-03-19 11:09:57 error: Course not found, id: 67d331989d439a57e9c008e1
2025-03-19 11:09:57 error: Invalid ID: 123
2025-03-19 11:17:33 info: Course created: 67dad1fd037503e36fa2cd52, Node.js
2025-03-19 11:17:33 error: Title and description are required
2025-03-19 11:17:33 info: Successfully retrieved all courses
2025-03-19 11:17:33 info: Course found, id: 67dad1fd037503e36fa2cd57
2025-03-19 11:17:33 error: Course not found, id: 67d331989d439a57e9c008e1
2025-03-19 11:17:33 error: Invalid ID: 123
2025-03-19 11:17:33 info: Course deleted, id: 67dad1fd037503e36fa2cd5b
2025-03-19 11:17:33 error: Course not found, id: 67d331989d439a57e9c008e1
2025-03-19 11:17:33 error: Invalid ID: 123
2025-03-19 11:17:37 info: Course created: 67dad201808efbc09d42baed, Node.js
2025-03-19 11:17:37 error: Title and description are required
2025-03-19 11:17:37 info: Successfully retrieved all courses
2025-03-19 11:17:37 info: Course found, id: 67dad201808efbc09d42baf2
2025-03-19 11:17:37 error: Course not found, id: 67d331989d439a57e9c008e1
2025-03-19 11:17:37 error: Invalid ID: 123
2025-03-19 11:17:37 info: Course deleted, id: 67dad201808efbc09d42baf6
2025-03-19 11:17:37 error: Course not found, id: 67d331989d439a57e9c008e1
2025-03-19 11:17:37 error: Invalid ID: 123
2025-03-19 11:17:40 info: Course created: 67dad204a78e7f692a12853e, Node.js
2025-03-19 11:17:40 error: Title and description are required
2025-03-19 11:17:40 info: Successfully retrieved all courses
2025-03-19 11:17:40 info: Course found, id: 67dad204a78e7f692a128543
2025-03-19 11:17:40 error: Course not found, id: 67d331989d439a57e9c008e1
2025-03-19 11:17:40 error: Invalid ID: 123
2025-03-19 11:17:40 info: Course deleted, id: 67dad204a78e7f692a128547
2025-03-19 11:17:40 error: Course not found, id: 67d331989d439a57e9c008e1
2025-03-19 11:17:40 error: Invalid ID: 123
2025-03-19 11:21:07 info: Course created: 67dad2d3200255b8d4b6fb30, Node.js
2025-03-19 11:21:07 error: Title and description are required
2025-03-19 11:21:07 info: Successfully retrieved all courses
2025-03-19 11:21:07 info: Course found, id: 67dad2d3200255b8d4b6fb35
2025-03-19 11:21:07 error: Course not found, id: 67d331989d439a57e9c008e1
2025-03-19 11:21:07 error: Invalid ID: 123
2025-03-19 11:21:07 info: Course deleted, id: 67dad2d3200255b8d4b6fb39
2025-03-19 11:21:07 error: Course not found, id: 67d331989d439a57e9c008e1
2025-03-19 11:21:07 error: Invalid ID: 123
2025-03-19 11:28:50 info: Course created: 67dad4a2a743a5bbd2f63976, Node.js
2025-03-19 11:28:50 error: Title and description are required
2025-03-19 11:28:50 info: Successfully retrieved all courses
2025-03-19 11:28:50 info: Course found, id: 67dad4a2a743a5bbd2f6397b
2025-03-19 11:28:50 error: Course not found, id: 67d331989d439a57e9c008e1
2025-03-19 11:28:50 error: Invalid ID: 123
2025-03-19 11:28:50 info: Course deleted, id: 67dad4a2a743a5bbd2f6397f
2025-03-19 11:28:50 error: Course not found, id: 67d331989d439a57e9c008e1
2025-03-19 11:28:50 error: Invalid ID: 123
2025-03-19 12:13:12 info: Course created: 67dadf08d50efb1727e70571, Node.js
2025-03-19 12:13:12 error: Title and description are required
2025-03-19 12:13:12 info: Successfully retrieved all courses
2025-03-19 12:13:12 info: Course found, id: 67dadf08d50efb1727e70576
2025-03-19 12:13:12 error: Course not found, id: 67d331989d439a57e9c008e1
2025-03-19 12:13:12 error: Invalid ID: 123
2025-03-19 12:13:12 info: Course deleted, id: 67dadf08d50efb1727e7057a
2025-03-19 12:13:12 error: Course not found, id: 67d331989d439a57e9c008e1
2025-03-19 12:13:13 error: Invalid ID: 123
2025-03-19 12:26:46 info: Course created: 67dae2365f9cc81898d1a6ad, Node.js
2025-03-19 12:26:46 error: Title and description are required
2025-03-19 12:26:46 info: Successfully retrieved all courses
2025-03-19 12:26:46 info: Course found, id: 67dae2365f9cc81898d1a6b2
2025-03-19 12:26:46 error: Course not found, id: 67d331989d439a57e9c008e1
2025-03-19 12:26:46 error: Invalid ID: 123
2025-03-19 12:26:46 info: Course deleted, id: 67dae2365f9cc81898d1a6b6
2025-03-19 12:26:46 error: Course not found, id: 67d331989d439a57e9c008e1
2025-03-19 12:26:46 error: Invalid ID: 123
2025-03-19 12:27:18 info: Course created: 67dae256a57fc7292647079e, Node.js
2025-03-19 12:27:18 error: Title and description are required
2025-03-19 12:27:18 info: Successfully retrieved all courses
2025-03-19 12:27:18 info: Course found, id: 67dae256a57fc729264707a3
2025-03-19 12:27:18 error: Course not found, id: 67d331989d439a57e9c008e1
2025-03-19 12:27:18 error: Invalid ID: 123
2025-03-19 12:27:18 info: Course deleted, id: 67dae256a57fc729264707a7
2025-03-19 12:27:18 error: Course not found, id: 67d331989d439a57e9c008e1
2025-03-19 12:27:18 error: Invalid ID: 123
2025-03-19 12:29:46 info: Course created: 67dae2eadb6b82c4aa6531d5, Node.js
2025-03-19 12:29:46 error: Title and description are required
2025-03-19 12:29:46 info: Successfully retrieved all courses
2025-03-19 12:29:46 info: Course found, id: 67dae2eadb6b82c4aa6531da
2025-03-19 12:29:46 error: Course not found, id: 67d331989d439a57e9c008e1
2025-03-19 12:29:46 error: Invalid ID: 123
2025-03-19 12:29:46 info: Course deleted, id: 67dae2eadb6b82c4aa6531de
2025-03-19 12:29:46 error: Course not found, id: 67d331989d439a57e9c008e1
2025-03-19 12:29:46 error: Invalid ID: 123
2025-03-19 12:29:49 info: Course created: 67dae2ed1d27b5fdebc7a504, Node.js
2025-03-19 12:29:49 error: Title and description are required
2025-03-19 12:29:49 info: Successfully retrieved all courses
2025-03-19 12:29:49 info: Course found, id: 67dae2ed1d27b5fdebc7a509
2025-03-19 12:29:49 error: Course not found, id: 67d331989d439a57e9c008e1
2025-03-19 12:29:49 error: Invalid ID: 123
2025-03-19 12:29:49 info: Course deleted, id: 67dae2ed1d27b5fdebc7a50d
2025-03-19 12:29:49 error: Course not found, id: 67d331989d439a57e9c008e1
2025-03-19 12:29:49 error: Invalid ID: 123
2025-03-19 12:33:21 info: Course created: 67dae3c17f199fde2db4f88d, Node.js
2025-03-19 12:33:21 error: Title and description are required
2025-03-19 12:33:21 info: Successfully retrieved all courses
2025-03-19 12:33:21 info: Course found, id: 67dae3c17f199fde2db4f892
2025-03-19 12:33:21 error: Course not found, id: 67d331989d439a57e9c008e1
2025-03-19 12:33:21 error: Invalid ID: 123
2025-03-19 12:33:21 info: Course deleted, id: 67dae3c17f199fde2db4f896
2025-03-19 12:33:21 error: Course not found, id: 67d331989d439a57e9c008e1
2025-03-19 12:33:21 error: Invalid ID: 123
